../Core/Src/main.c:126:19:ComputeSHA256FromMemory	80	static
../Core/Src/main.c:152:13:flipBits	24	static
../Core/Src/main.c:167:10:storeIntInInverseOrderArray	32	static
../Core/Src/main.c:179:10:storeArrayInNumber	72	static
../Core/Src/main.c:188:10:safe_mult	128	static
../Core/Src/main.c:213:10:safe_mult_mod	24	static
../Core/Src/main.c:218:6:secure_compare	32	static
../Core/Src/main.c:229:10:simple_rsa_encrypt	40	static
../Core/Src/main.c:243:10:concatenateBitRepresentationIntoDecimal	48	static
../Core/Src/main.c:252:6:stringFromEncryptedDecimal	32	static
../Core/Src/main.c:262:6:verify_diagnostic_key	24	static
../Core/Src/main.c:281:6:read_did_entry	32	static
../Core/Src/main.c:306:6:update_did_entry	56	static
../Core/Src/main.c:359:5:main	152	static
../Core/Src/main.c:503:6:SystemClock_Config	128	static
../Core/Src/main.c:550:13:SystemPower_Config	8	static
../Core/Src/main.c:574:13:MX_ADC1_Init	8	static
../Core/Src/main.c:618:13:MX_HASH_Init	8	static
../Core/Src/main.c:644:13:MX_ICACHE_Init	8	static
../Core/Src/main.c:676:13:MX_SPI1_Init	24	static
../Core/Src/main.c:733:13:MX_GPIO_Init	24	static
../Core/Src/main.c:761:6:HAL_TIM_PeriodElapsedCallback	16	static
../Core/Src/main.c:780:6:BSP_PB_Callback	16	static
../Core/Src/main.c:792:6:Error_Handler	4	static,ignoring_inline_asm
