../Core/Src/z_flash_W25QXXX.c:36:6:Flash_Select	8	static
../Core/Src/z_flash_W25QXXX.c:48:6:Flash_UnSelect	8	static
../Core/Src/z_flash_W25QXXX.c:58:6:Flash_Receive	16	static
../Core/Src/z_flash_W25QXXX.c:70:6:Flash_Polling_Transmit	16	static
../Core/Src/z_flash_W25QXXX.c:85:6:Flash_Transmit	16	static
../Core/Src/z_flash_W25QXXX.c:106:6:Flash_WaitForWritingComplete	16	static
../Core/Src/z_flash_W25QXXX.c:131:6:Flash_Read	32	static
../Core/Src/z_flash_W25QXXX.c:170:6:Flash_SimpleWriteAPage	32	static
../Core/Src/z_flash_W25QXXX.c:197:6:Flash_Write	40	static
../Core/Src/z_flash_W25QXXX.c:249:6:Flash_SErase4k	24	static
../Core/Src/z_flash_W25QXXX.c:277:6:Flash_BErase32k	24	static
../Core/Src/z_flash_W25QXXX.c:306:6:Flash_BErase64k	24	static
../Core/Src/z_flash_W25QXXX.c:332:6:Flash_ChipErase	16	static
../Core/Src/z_flash_W25QXXX.c:355:6:Flash_PowerDown	16	static
../Core/Src/z_flash_W25QXXX.c:373:6:Flash_PowerUp	16	static
../Core/Src/z_flash_W25QXXX.c:390:9:Flash_ReadDevID	16	static
../Core/Src/z_flash_W25QXXX.c:409:10:Flash_ReadManufactutrerAndDevID	16	static
../Core/Src/z_flash_W25QXXX.c:440:10:Flash_ReadJedecID	24	static
../Core/Src/z_flash_W25QXXX.c:460:6:Flash_ReadSFDP	24	static
../Core/Src/z_flash_W25QXXX.c:482:9:Flash_TestAvailability	272	static
../Core/Src/z_flash_W25QXXX.c:507:9:Flash_Init	16	static
../Core/Src/z_flash_W25QXXX.c:523:6:Flash_Reset	16	static
../Core/Src/z_flash_W25QXXX.c:542:6:DataReader_WaitForReceiveDone	4	static
../Core/Src/z_flash_W25QXXX.c:547:6:DataReader_ReadData	24	static
../Core/Src/z_flash_W25QXXX.c:552:6:DataReader_StartDMAReadData	24	static
