../Core/Src/rsa_implementation.c:12:6:u64_to_u8_array	16	static
../Core/Src/rsa_implementation.c:21:10:u8_array_to_u64	16	static
../Core/Src/rsa_implementation.c:34:10:modular_mul	32	static
../Core/Src/rsa_implementation.c:52:10:modular_pow	48	static
../Core/Src/rsa_implementation.c:66:10:gcd	16	static
../Core/Src/rsa_implementation.c:79:9:mod_inverse	40	static
../Core/Src/rsa_implementation.c:103:6:is_prime	152	static
../Core/Src/rsa_implementation.c:132:10:generate_prime	8	static
../Core/Src/rsa_implementation.c:144:6:generate_and_check_rsa_keys	56	static
../Core/Src/rsa_implementation.c:184:6:rsa_encrypt	40	static
../Core/Src/rsa_implementation.c:198:6:rsa_decrypt	40	static
../Core/Src/rsa_implementation.c:207:6:print_key_array	16	static
../Core/Src/rsa_implementation.c:215:6:test_rsa_algorithm	80	static
